main.c:95:5:main	16	static
main.c:162:6:SystemClock_Config	88	static
main.c:207:13:MX_TIM2_Init	48	static
main.c:265:13:MX_TIM5_Init	32	static
main.c:310:13:MX_TIM10_Init	8	static
main.c:341:13:MX_TIM11_Init	8	static
main.c:372:13:MX_USART2_UART_Init	8	static
main.c:403:13:MX_DMA_Init	16	static
main.c:421:13:MX_GPIO_Init	48	static
main.c:450:6:encoderSpeedReaderCycle	24	static
main.c:467:10:micros	12	static
main.c:471:6:HAL_TIM_PeriodElapsedCallback	24	static
main.c:487:6:Error_Handler	4	static,ignoring_inline_asm
