stm32f4xx_hal_pwr.c:92:6:HAL_PWR_DeInit	4	static
stm32f4xx_hal_pwr.c:109:6:HAL_PWR_EnableBkUpAccess	16	static
stm32f4xx_hal_pwr.c:128:6:HAL_PWR_DisableBkUpAccess	16	static
stm32f4xx_hal_pwr.c:265:6:HAL_PWR_ConfigPVD	16	static
stm32f4xx_hal_pwr.c:303:6:HAL_PWR_EnablePVD	4	static
stm32f4xx_hal_pwr.c:311:6:HAL_PWR_DisablePVD	4	static
stm32f4xx_hal_pwr.c:324:6:HAL_PWR_EnableWakeUpPin	16	static
stm32f4xx_hal_pwr.c:341:6:HAL_PWR_DisableWakeUpPin	16	static
stm32f4xx_hal_pwr.c:369:6:HAL_PWR_EnterSLEEPMode	16	static,ignoring_inline_asm
stm32f4xx_hal_pwr.c:408:6:HAL_PWR_EnterSTOPMode	16	static,ignoring_inline_asm
stm32f4xx_hal_pwr.c:443:6:HAL_PWR_EnterSTANDBYMode	4	static,ignoring_inline_asm
stm32f4xx_hal_pwr.c:463:6:HAL_PWR_PVD_IRQHandler	8	static
stm32f4xx_hal_pwr.c:478:13:HAL_PWR_PVDCallback	4	static
stm32f4xx_hal_pwr.c:492:6:HAL_PWR_EnableSleepOnExit	4	static
stm32f4xx_hal_pwr.c:503:6:HAL_PWR_DisableSleepOnExit	4	static
stm32f4xx_hal_pwr.c:514:6:HAL_PWR_EnableSEVOnPend	4	static
stm32f4xx_hal_pwr.c:525:6:HAL_PWR_DisableSEVOnPend	4	static
