stm32f4xx_hal_uart.c:356:19:HAL_UART_Init	16	static
stm32f4xx_hal_uart.c:428:19:HAL_HalfDuplex_Init	16	static
stm32f4xx_hal_uart.c:498:19:HAL_LIN_Init	16	static
stm32f4xx_hal_uart.c:578:19:HAL_MultiProcessor_Init	24	static
stm32f4xx_hal_uart.c:654:19:HAL_UART_DeInit	16	static
stm32f4xx_hal_uart.c:697:13:HAL_UART_MspInit	16	static
stm32f4xx_hal_uart.c:711:13:HAL_UART_MspDeInit	16	static
stm32f4xx_hal_uart.c:1121:19:HAL_UART_Transmit	48	static
stm32f4xx_hal_uart.c:1199:19:HAL_UART_Receive	48	static
stm32f4xx_hal_uart.c:1281:19:HAL_UART_Transmit_IT	24	static
stm32f4xx_hal_uart.c:1322:19:HAL_UART_Receive_IT	24	static
stm32f4xx_hal_uart.c:1353:19:HAL_UART_Transmit_DMA	56	static,ignoring_inline_asm
stm32f4xx_hal_uart.c:1418:19:HAL_UART_Receive_DMA	24	static
stm32f4xx_hal_uart.c:1444:19:HAL_UART_DMAPause	120	static,ignoring_inline_asm
stm32f4xx_hal_uart.c:1478:19:HAL_UART_DMAResume	120	static,ignoring_inline_asm
stm32f4xx_hal_uart.c:1511:19:HAL_UART_DMAStop	72	static,ignoring_inline_asm
stm32f4xx_hal_uart.c:1561:19:HAL_UARTEx_ReceiveToIdle	40	static
stm32f4xx_hal_uart.c:1675:19:HAL_UARTEx_ReceiveToIdle_IT	56	static,ignoring_inline_asm
stm32f4xx_hal_uart.c:1728:19:HAL_UARTEx_ReceiveToIdle_DMA	56	static,ignoring_inline_asm
stm32f4xx_hal_uart.c:1777:19:HAL_UART_Abort	136	static,ignoring_inline_asm
stm32f4xx_hal_uart.c:1857:19:HAL_UART_AbortTransmit	64	static,ignoring_inline_asm
stm32f4xx_hal_uart.c:1903:19:HAL_UART_AbortReceive	112	static,ignoring_inline_asm
stm32f4xx_hal_uart.c:1958:19:HAL_UART_Abort_IT	144	static,ignoring_inline_asm
stm32f4xx_hal_uart.c:2073:19:HAL_UART_AbortTransmit_IT	64	static,ignoring_inline_asm
stm32f4xx_hal_uart.c:2142:19:HAL_UART_AbortReceive_IT	112	static,ignoring_inline_asm
stm32f4xx_hal_uart.c:2211:6:HAL_UART_IRQHandler	240	static,ignoring_inline_asm
stm32f4xx_hal_uart.c:2429:13:HAL_UART_TxCpltCallback	16	static
stm32f4xx_hal_uart.c:2443:13:HAL_UART_TxHalfCpltCallback	16	static
stm32f4xx_hal_uart.c:2457:13:HAL_UART_RxCpltCallback	16	static
stm32f4xx_hal_uart.c:2471:13:HAL_UART_RxHalfCpltCallback	16	static
stm32f4xx_hal_uart.c:2485:13:HAL_UART_ErrorCallback	16	static
stm32f4xx_hal_uart.c:2498:13:HAL_UART_AbortCpltCallback	16	static
stm32f4xx_hal_uart.c:2512:13:HAL_UART_AbortTransmitCpltCallback	16	static
stm32f4xx_hal_uart.c:2526:13:HAL_UART_AbortReceiveCpltCallback	16	static
stm32f4xx_hal_uart.c:2542:13:HAL_UARTEx_RxEventCallback	16	static
stm32f4xx_hal_uart.c:2581:19:HAL_LIN_SendBreak	40	static,ignoring_inline_asm
stm32f4xx_hal_uart.c:2607:19:HAL_MultiProcessor_EnterMuteMode	40	static,ignoring_inline_asm
stm32f4xx_hal_uart.c:2633:19:HAL_MultiProcessor_ExitMuteMode	40	static,ignoring_inline_asm
stm32f4xx_hal_uart.c:2659:19:HAL_HalfDuplex_EnableTransmitter	24	static
stm32f4xx_hal_uart.c:2693:19:HAL_HalfDuplex_EnableReceiver	24	static
stm32f4xx_hal_uart.c:2749:23:HAL_UART_GetState	24	static
stm32f4xx_hal_uart.c:2763:10:HAL_UART_GetError	16	static
stm32f4xx_hal_uart.c:2807:13:UART_DMATransmitCplt	72	static,ignoring_inline_asm
stm32f4xx_hal_uart.c:2840:13:UART_DMATxHalfCplt	24	static
stm32f4xx_hal_uart.c:2859:13:UART_DMAReceiveCplt	120	static,ignoring_inline_asm
stm32f4xx_hal_uart.c:2911:13:UART_DMARxHalfCplt	24	static
stm32f4xx_hal_uart.c:2943:13:UART_DMAError	24	static
stm32f4xx_hal_uart.c:2982:26:UART_WaitOnFlagUntilTimeout	72	static,ignoring_inline_asm
stm32f4xx_hal_uart.c:3018:19:UART_Start_Receive_IT	24	static
stm32f4xx_hal_uart.c:3053:19:UART_Start_Receive_DMA	104	static,ignoring_inline_asm
stm32f4xx_hal_uart.c:3104:13:UART_EndTxTransfer	40	static,ignoring_inline_asm
stm32f4xx_hal_uart.c:3117:13:UART_EndRxTransfer	88	static,ignoring_inline_asm
stm32f4xx_hal_uart.c:3139:13:UART_DMAAbortOnError	24	static
stm32f4xx_hal_uart.c:3163:13:UART_DMATxAbortCallback	24	static
stm32f4xx_hal_uart.c:3207:13:UART_DMARxAbortCallback	24	static
stm32f4xx_hal_uart.c:3251:13:UART_DMATxOnlyAbortCallback	24	static
stm32f4xx_hal_uart.c:3279:13:UART_DMARxOnlyAbortCallback	24	static
stm32f4xx_hal_uart.c:3305:26:UART_Transmit_IT	24	static
stm32f4xx_hal_uart.c:3339:26:UART_EndTransmit_IT	16	static
stm32f4xx_hal_uart.c:3363:26:UART_Receive_IT	56	static,ignoring_inline_asm
stm32f4xx_hal_uart.c:3451:13:UART_SetConfig	160	static
